[patrickdavid.com/index.html]
[backblue.gif]
[fade.gif]
[index.html]
[patrickdavid.com/assets/img/favicon-16.png]
[patrickdavid.com/it/index.html]
[patrickdavid.com/assets/img/favicon-32.png]
[patrickdavid.com/index-2.html]
[patrickdavid.com/assets/img/favicon-48.png]
[patrickdavid.com/assets/img/favicon-62.png]
[patrickdavid.com/assets/img/favicon-96.png]
[patrickdavid.com/assets/img/cover-share.jpg]
[patrickdavid.com/assets/css/style.css]
[patrickdavid.com/agency.html]
[patrickdavid.com/work.html]
[patrickdavid.com/contact.html]
[patrickdavid.com/look-occhiali.html]
[patrickdavid.com/userbot.html]
[patrickdavid.com/food-delivery-report.html]
[patrickdavid.com/toscano-real-estate.html]
[patrickdavid.com/emmearredo.html]
[patrickdavid.com/oleomec.html]
[patrickdavid.com/panevino-architettura.html]
[patrickdavid.com/sitemap.html]
[patrickdavid.com/privacy-policy.html]
[patrickdavid.com/index.html]
[patrickdavid.com/assets/js/master-dist.js]
[patrickdavid.com/it/agenzia.html]
[patrickdavid.com/it/progetti.html]
[patrickdavid.com/it/contatti.html]
[patrickdavid.com/it/look-occhiali.html]
[patrickdavid.com/it/userbot.html]
[patrickdavid.com/it/food-delivery-report.html]
[patrickdavid.com/it/agenzia-immobiliare-toscano.html]
[patrickdavid.com/it/emmearredo.html]
[patrickdavid.com/it/oleomec.html]
[patrickdavid.com/it/panevino-architettura.html]
[patrickdavid.com/it/sitemap.html]
[patrickdavid.com/it/privacy-policy.html]
[patrickdavid.com/it/index.html]
[patrickdavid.com/index-2.html]
[patrickdavid.com/assets/img/logo.png]
[patrickdavid.com/assets/css/ajax-loader.gif]
[patrickdavid.com/404.html]
[patrickdavid.com/assets/img/sitiweb-cover.jpg]
[patrickdavid.com/assets/img/sitiweb-cover2.jpg]
[patrickdavid.com/assets/img/agency-cover.jpg]
[patrickdavid.com/assets/img/marketing-cover.jpg]
[patrickdavid.com/assets/img/app-cover.jpg]
[patrickdavid.com/assets/img/look-hover.jpg]
[patrickdavid.com/assets/img/look-hover@2x.jpg]
[patrickdavid.com/assets/img/microsoft-hover.jpg]
[patrickdavid.com/assets/img/microsoft-hover@2x.jpg]
[patrickdavid.com/assets/img/toscano-hover.jpg]
[patrickdavid.com/assets/img/toscano-hover@2x.jpg]
[patrickdavid.com/assets/img/userbot-hover.jpg]
[patrickdavid.com/assets/img/userbot-hover@2x.jpg]
[patrickdavid.com/assets/img/food-hover.jpg]
[patrickdavid.com/assets/img/food-hover@2x.jpg]
[patrickdavid.com/assets/img/honor-hover.jpg]
[patrickdavid.com/assets/img/honor-hover@2x.jpg]
[patrickdavid.com/assets/img/hip-hover.jpg]
[patrickdavid.com/assets/img/hip-hover@2x.jpg]
[patrickdavid.com/assets/img/emmearredo-hover.jpg]
[patrickdavid.com/assets/img/emmearredo-hover@2x.jpg]
[patrickdavid.com/assets/img/oleomec-hover.jpg]
[patrickdavid.com/assets/img/oleomec-hover@2x.jpg]
[patrickdavid.com/assets/img/panevino-hover.jpg]
[patrickdavid.com/assets/img/panevino-hover@2x.jpg]
[patrickdavid.com/assets/img/team.png]
[patrickdavid.com/assets/css/style.css]
[patrickdavid.com/agency.html]
[patrickdavid.com/work.html]
[patrickdavid.com/contact.html]
[patrickdavid.com/look-occhiali.html]
[patrickdavid.com/assets/img/userbot-cover.jpg]
[patrickdavid.com/userbot.html]
[patrickdavid.com/assets/img/fooddelivery-cover.jpg]
[patrickdavid.com/food-delivery-report.html]
[patrickdavid.com/toscano-real-estate.html]
[patrickdavid.com/assets/img/emmearredo-cover.jpg]
[patrickdavid.com/emmearredo.html]
[patrickdavid.com/assets/img/oleomec-cover.jpg]
[patrickdavid.com/oleomec.html]
[patrickdavid.com/panevino-architettura.html]
[patrickdavid.com/sitemap.html]
[patrickdavid.com/personal-data.pdf]
[patrickdavid.com/cookie.pdf]
[patrickdavid.com/privacy-policy.html]
[patrickdavid.com/it/agenzia.html]
[patrickdavid.com/it/progetti.html]
[patrickdavid.com/it/contatti.html]
[patrickdavid.com/it/look-occhiali.html]
[patrickdavid.com/it/userbot.html]
[patrickdavid.com/it/food-delivery-report.html]
[patrickdavid.com/assets/img/toscano-cover.jpg]
[patrickdavid.com/it/agenzia-immobiliare-toscano.html]
[patrickdavid.com/it/emmearredo.html]
[patrickdavid.com/it/oleomec.html]
[patrickdavid.com/it/panevino-architettura.html]
[patrickdavid.com/it/siti-internet-belluno-treviso.html]
[patrickdavid.com/it/siti-wordpress-belluno-treviso.html]
[patrickdavid.com/it/web-marketing-belluno-treviso.html]
[patrickdavid.com/it/realizzazione-app-belluno-treviso.html]
[patrickdavid.com/it/siti-internet-belluno.html]
[patrickdavid.com/it/siti-web-belluno.html]
[patrickdavid.com/it/web-agency-belluno.html]
[patrickdavid.com/it/sitemap.html]
[patrickdavid.com/it/privacy-policy.html]
[patrickdavid.com/404.html]
[patrickdavid.com/agency/index.html]
[patrickdavid.com/it/agenzia/index.html]
[patrickdavid.com/work/index.html]
[patrickdavid.com/contact/index.html]
[patrickdavid.com/it/contatti/index.html]
[patrickdavid.com/look-occhiali/index.html]
[patrickdavid.com/toscano-real-estate/index.html]
[patrickdavid.com/userbot/index.html]
[patrickdavid.com/food-delivery-report/index.html]
[patrickdavid.com/emmearredo/index.html]
[patrickdavid.com/oleomec/index.html]
[patrickdavid.com/panevino-architettura/index.html]
[patrickdavid.com/it/siti-internet-belluno/index.html]
[patrickdavid.com/privacy-policy/index.html]
[patrickdavid.com/it/agency/index.html]
[patrickdavid.com/it/progetti/index.html]
[patrickdavid.com/it/look-occhiali/index.html]
[patrickdavid.com/it/userbot/index.html]
[patrickdavid.com/it/food-delivery-report/index.html]
[patrickdavid.com/it/agenzia-immobiliare-toscano/index.html]
[patrickdavid.com/it/emmearredo/index.html]
[patrickdavid.com/it/oleomec/index.html]
[patrickdavid.com/it/panevino-architettura/index.html]
[patrickdavid.com/it/siti-internet-belluno-treviso.html]
[patrickdavid.com/it/siti-wordpress-belluno-treviso.html]
[patrickdavid.com/it/web-marketing-belluno-treviso.html]
[patrickdavid.com/it/realizzazione-app-belluno-treviso.html]
[patrickdavid.com/it/siti-internet-belluno.html]
[patrickdavid.com/it/siti-web-belluno.html]
[patrickdavid.com/it/web-agency-belluno.html]
[patrickdavid.com/it/privacy-policy/index.html]
[patrickdavid.com/404/index.html]
[patrickdavid.com/it/siti-internet-belluno-treviso/index.html]
[patrickdavid.com/it/siti-wordpress-belluno-treviso/index.html]
[patrickdavid.com/it/web-marketing-belluno-treviso/index.html]
[patrickdavid.com/it/realizzazione-app-belluno-treviso/index.html]
[patrickdavid.com/it/siti-web-belluno/index.html]
[patrickdavid.com/it/web-agency-belluno/index.html]
